

================================================================
== Synthesis Summary Report of 'led_on'
================================================================
+ General Information: 
    * Date:           Thu Jun 27 21:43:31 2024
    * Version:        2023.2 (Build 4023990 on Oct 11 2023)
    * Project:        0-LED_on
    * Solution:       solution1 (Vivado IP Flow Target)
    * Product family: zynq
    * Target device:  xc7z010-clg400-1
    

+ Performance & Resource Estimates: 
    
    PS: '+' for module; 'o' for loop; '*' for dataflow
    +----------+------+------+---------+--------+----------+---------+------+----------+------+----+---+----+-----+
    |  Modules | Issue|      | Latency | Latency| Iteration|         | Trip |          |      |    |   |    |     |
    |  & Loops | Type | Slack| (cycles)|  (ns)  |  Latency | Interval| Count| Pipelined| BRAM | DSP| FF| LUT| URAM|
    +----------+------+------+---------+--------+----------+---------+------+----------+------+----+---+----+-----+
    |+ led_on  |     -|  7.30|        0|   0.000|         -|        1|     -|        no|     -|   -|  -|   -|    -|
    +----------+------+------+---------+--------+----------+---------+------+----------+------+----+---+----+-----+


================================================================
== HW Interfaces
================================================================
* Other Ports
+-------+---------+-----------+----------+
| Port  | Mode    | Direction | Bitwidth |
+-------+---------+-----------+----------+
| o_led | ap_none | out       | 8        |
+-------+---------+-----------+----------+


================================================================
== SW I/O Information
================================================================
* Top Function Arguments
+----------+-----------+----------------+
| Argument | Direction | Datatype       |
+----------+-----------+----------------+
| o_led    | out       | unsigned char* |
+----------+-----------+----------------+

* SW-to-HW Mapping
+----------+--------------+---------+
| Argument | HW Interface | HW Type |
+----------+--------------+---------+
| o_led    | o_led        | port    |
+----------+--------------+---------+


================================================================
== Bind Op Report
================================================================
  No bind op info in design

================================================================
== Storage Report
================================================================
  No bind storage info in design

================================================================
== Pragma Report
================================================================
* Valid Pragma Syntax
+-----------+-------------------------------+------------------------------------------+
| Type      | Options                       | Location                                 |
+-----------+-------------------------------+------------------------------------------+
| interface | mode=ap_none port=o_led       | 0-LED_on/led_out.cpp:3 in led_on, o_led  |
| interface | mode=ap_ctrl_none port=return | 0-LED_on/led_out.cpp:4 in led_on, return |
+-----------+-------------------------------+------------------------------------------+


