

================================================================
== Vitis HLS Report for 'comprator'
================================================================
* Date:           Wed Jul 24 23:02:51 2024

* Version:        2023.2 (Build 4023990 on Oct 11 2023)
* Project:        Ex3
* Solution:       solution1 (Vivado IP Flow Target)
* Product family: virtexuplus
* Target device:  xcvu11p-flga2577-1-e


================================================================
== Performance Estimates
================================================================
+ Timing: 
    * Summary: 
    +--------+----------+----------+------------+
    |  Clock |  Target  | Estimated| Uncertainty|
    +--------+----------+----------+------------+
    |ap_clk  |  10.00 ns|  0.904 ns|     2.70 ns|
    +--------+----------+----------+------------+

+ Latency: 
    * Summary: 
    +---------+---------+----------+----------+-----+-----+---------+
    |  Latency (cycles) |  Latency (absolute) |  Interval | Pipeline|
    |   min   |   max   |    min   |    max   | min | max |   Type  |
    +---------+---------+----------+----------+-----+-----+---------+
    |        0|        0|      0 ns|      0 ns|    1|    1|       no|
    +---------+---------+----------+----------+-----+-----+---------+

    + Detail: 
        * Instance: 
        N/A

        * Loop: 
        N/A

============================================================
+ Verbose Summary: Synthesis Manager
============================================================
InlineROM: 1
ExposeGlobal: 0
============================================================
+ Verbose Summary: CDFG Model
============================================================
IsTopModel: 1
ResetActiveHigh: 1
IsCombinational: 0
IsDatapathOnly: 0
HasWiredReturn: 1
HasMFsm: 0
HasVarLatency: 0
IsPipeline: 0
IsRtlPipelined: 0
IsInstanceOverlapped: 0
IsDontTouch: 0
HasImplIP: 0
IsGatedGlobalClock: 0


============================================================
+ Verbose Summary: Schedule
============================================================
* Number of FSM states : 1
* Pipeline : 0
* Dataflow Pipeline: 0

* FSM state transitions: 
1 --> 

* FSM state operations: 

State 1 <SV = 0> <Delay = 0.90>
ST_1 : Operation 2 [1/1] (0.00ns)   --->   "%spectopmodule_ln1 = spectopmodule void @_ssdm_op_SpecTopModule, void @empty_1" [Ex3/src/comparator.cpp:1]   --->   Operation 2 'spectopmodule' 'spectopmodule_ln1' <Predicate = true> <Delay = 0.00>
ST_1 : Operation 3 [1/1] (0.00ns)   --->   "%specinterface_ln1 = specinterface void @_ssdm_op_SpecInterface, i32 0, void @empty_2, i32 0, i32 0, void @empty_0, i32 0, i32 0, void @empty_0, void @empty_0, void @empty_0, i32 0, i32 0, i32 0, i32 0, void @empty_0, void @empty_0, i32 4294967295, i32 0" [Ex3/src/comparator.cpp:1]   --->   Operation 3 'specinterface' 'specinterface_ln1' <Predicate = true> <Delay = 0.00>
ST_1 : Operation 4 [1/1] (0.00ns)   --->   "%specbitsmap_ln0 = specbitsmap void @_ssdm_op_SpecBitsMap, i1 %a0"   --->   Operation 4 'specbitsmap' 'specbitsmap_ln0' <Predicate = true> <Delay = 0.00>
ST_1 : Operation 5 [1/1] (0.00ns)   --->   "%specinterface_ln0 = specinterface void @_ssdm_op_SpecInterface, i1 %a0, void @empty, i32 0, i32 0, void @empty_0, i32 0, i32 0, void @empty_0, void @empty_0, void @empty_0, i32 0, i32 0, i32 0, i32 0, void @empty_0, void @empty_0, i32 4294967295, i32 0"   --->   Operation 5 'specinterface' 'specinterface_ln0' <Predicate = true> <Delay = 0.00>
ST_1 : Operation 6 [1/1] (0.00ns)   --->   "%specbitsmap_ln0 = specbitsmap void @_ssdm_op_SpecBitsMap, i1 %a1"   --->   Operation 6 'specbitsmap' 'specbitsmap_ln0' <Predicate = true> <Delay = 0.00>
ST_1 : Operation 7 [1/1] (0.00ns)   --->   "%specinterface_ln0 = specinterface void @_ssdm_op_SpecInterface, i1 %a1, void @empty, i32 0, i32 0, void @empty_0, i32 0, i32 0, void @empty_0, void @empty_0, void @empty_0, i32 0, i32 0, i32 0, i32 0, void @empty_0, void @empty_0, i32 4294967295, i32 0"   --->   Operation 7 'specinterface' 'specinterface_ln0' <Predicate = true> <Delay = 0.00>
ST_1 : Operation 8 [1/1] (0.00ns)   --->   "%specbitsmap_ln0 = specbitsmap void @_ssdm_op_SpecBitsMap, i1 %a2"   --->   Operation 8 'specbitsmap' 'specbitsmap_ln0' <Predicate = true> <Delay = 0.00>
ST_1 : Operation 9 [1/1] (0.00ns)   --->   "%specinterface_ln0 = specinterface void @_ssdm_op_SpecInterface, i1 %a2, void @empty, i32 0, i32 0, void @empty_0, i32 0, i32 0, void @empty_0, void @empty_0, void @empty_0, i32 0, i32 0, i32 0, i32 0, void @empty_0, void @empty_0, i32 4294967295, i32 0"   --->   Operation 9 'specinterface' 'specinterface_ln0' <Predicate = true> <Delay = 0.00>
ST_1 : Operation 10 [1/1] (0.00ns)   --->   "%specbitsmap_ln0 = specbitsmap void @_ssdm_op_SpecBitsMap, i1 %a3"   --->   Operation 10 'specbitsmap' 'specbitsmap_ln0' <Predicate = true> <Delay = 0.00>
ST_1 : Operation 11 [1/1] (0.00ns)   --->   "%specinterface_ln0 = specinterface void @_ssdm_op_SpecInterface, i1 %a3, void @empty, i32 0, i32 0, void @empty_0, i32 0, i32 0, void @empty_0, void @empty_0, void @empty_0, i32 0, i32 0, i32 0, i32 0, void @empty_0, void @empty_0, i32 4294967295, i32 0"   --->   Operation 11 'specinterface' 'specinterface_ln0' <Predicate = true> <Delay = 0.00>
ST_1 : Operation 12 [1/1] (0.00ns)   --->   "%specbitsmap_ln0 = specbitsmap void @_ssdm_op_SpecBitsMap, i1 %b0"   --->   Operation 12 'specbitsmap' 'specbitsmap_ln0' <Predicate = true> <Delay = 0.00>
ST_1 : Operation 13 [1/1] (0.00ns)   --->   "%specinterface_ln0 = specinterface void @_ssdm_op_SpecInterface, i1 %b0, void @empty, i32 0, i32 0, void @empty_0, i32 0, i32 0, void @empty_0, void @empty_0, void @empty_0, i32 0, i32 0, i32 0, i32 0, void @empty_0, void @empty_0, i32 4294967295, i32 0"   --->   Operation 13 'specinterface' 'specinterface_ln0' <Predicate = true> <Delay = 0.00>
ST_1 : Operation 14 [1/1] (0.00ns)   --->   "%specbitsmap_ln0 = specbitsmap void @_ssdm_op_SpecBitsMap, i1 %b1"   --->   Operation 14 'specbitsmap' 'specbitsmap_ln0' <Predicate = true> <Delay = 0.00>
ST_1 : Operation 15 [1/1] (0.00ns)   --->   "%specinterface_ln0 = specinterface void @_ssdm_op_SpecInterface, i1 %b1, void @empty, i32 0, i32 0, void @empty_0, i32 0, i32 0, void @empty_0, void @empty_0, void @empty_0, i32 0, i32 0, i32 0, i32 0, void @empty_0, void @empty_0, i32 4294967295, i32 0"   --->   Operation 15 'specinterface' 'specinterface_ln0' <Predicate = true> <Delay = 0.00>
ST_1 : Operation 16 [1/1] (0.00ns)   --->   "%specbitsmap_ln0 = specbitsmap void @_ssdm_op_SpecBitsMap, i1 %b2"   --->   Operation 16 'specbitsmap' 'specbitsmap_ln0' <Predicate = true> <Delay = 0.00>
ST_1 : Operation 17 [1/1] (0.00ns)   --->   "%specinterface_ln0 = specinterface void @_ssdm_op_SpecInterface, i1 %b2, void @empty, i32 0, i32 0, void @empty_0, i32 0, i32 0, void @empty_0, void @empty_0, void @empty_0, i32 0, i32 0, i32 0, i32 0, void @empty_0, void @empty_0, i32 4294967295, i32 0"   --->   Operation 17 'specinterface' 'specinterface_ln0' <Predicate = true> <Delay = 0.00>
ST_1 : Operation 18 [1/1] (0.00ns)   --->   "%specbitsmap_ln0 = specbitsmap void @_ssdm_op_SpecBitsMap, i1 %b3"   --->   Operation 18 'specbitsmap' 'specbitsmap_ln0' <Predicate = true> <Delay = 0.00>
ST_1 : Operation 19 [1/1] (0.00ns)   --->   "%specinterface_ln0 = specinterface void @_ssdm_op_SpecInterface, i1 %b3, void @empty, i32 0, i32 0, void @empty_0, i32 0, i32 0, void @empty_0, void @empty_0, void @empty_0, i32 0, i32 0, i32 0, i32 0, void @empty_0, void @empty_0, i32 4294967295, i32 0"   --->   Operation 19 'specinterface' 'specinterface_ln0' <Predicate = true> <Delay = 0.00>
ST_1 : Operation 20 [1/1] (0.00ns)   --->   "%specbitsmap_ln0 = specbitsmap void @_ssdm_op_SpecBitsMap, i1 %M"   --->   Operation 20 'specbitsmap' 'specbitsmap_ln0' <Predicate = true> <Delay = 0.00>
ST_1 : Operation 21 [1/1] (0.00ns)   --->   "%specinterface_ln0 = specinterface void @_ssdm_op_SpecInterface, i1 %M, void @empty, i32 0, i32 0, void @empty_0, i32 0, i32 0, void @empty_0, void @empty_0, void @empty_0, i32 0, i32 0, i32 0, i32 0, void @empty_0, void @empty_0, i32 4294967295, i32 0"   --->   Operation 21 'specinterface' 'specinterface_ln0' <Predicate = true> <Delay = 0.00>
ST_1 : Operation 22 [1/1] (0.00ns)   --->   "%specbitsmap_ln0 = specbitsmap void @_ssdm_op_SpecBitsMap, i1 %N"   --->   Operation 22 'specbitsmap' 'specbitsmap_ln0' <Predicate = true> <Delay = 0.00>
ST_1 : Operation 23 [1/1] (0.00ns)   --->   "%specinterface_ln0 = specinterface void @_ssdm_op_SpecInterface, i1 %N, void @empty, i32 0, i32 0, void @empty_0, i32 0, i32 0, void @empty_0, void @empty_0, void @empty_0, i32 0, i32 0, i32 0, i32 0, void @empty_0, void @empty_0, i32 4294967295, i32 0"   --->   Operation 23 'specinterface' 'specinterface_ln0' <Predicate = true> <Delay = 0.00>
ST_1 : Operation 24 [1/1] (0.00ns)   --->   "%specbitsmap_ln0 = specbitsmap void @_ssdm_op_SpecBitsMap, i1 %P"   --->   Operation 24 'specbitsmap' 'specbitsmap_ln0' <Predicate = true> <Delay = 0.00>
ST_1 : Operation 25 [1/1] (0.00ns)   --->   "%specinterface_ln0 = specinterface void @_ssdm_op_SpecInterface, i1 %P, void @empty, i32 0, i32 0, void @empty_0, i32 0, i32 0, void @empty_0, void @empty_0, void @empty_0, i32 0, i32 0, i32 0, i32 0, void @empty_0, void @empty_0, i32 4294967295, i32 0"   --->   Operation 25 'specinterface' 'specinterface_ln0' <Predicate = true> <Delay = 0.00>
ST_1 : Operation 26 [1/1] (0.00ns)   --->   "%b3_read = read i1 @_ssdm_op_Read.ap_none.i1, i1 %b3" [Ex3/src/comparator.cpp:1]   --->   Operation 26 'read' 'b3_read' <Predicate = true> <Delay = 0.00>
ST_1 : Operation 27 [1/1] (0.00ns)   --->   "%b2_read = read i1 @_ssdm_op_Read.ap_none.i1, i1 %b2" [Ex3/src/comparator.cpp:1]   --->   Operation 27 'read' 'b2_read' <Predicate = true> <Delay = 0.00>
ST_1 : Operation 28 [1/1] (0.00ns)   --->   "%b1_read = read i1 @_ssdm_op_Read.ap_none.i1, i1 %b1" [Ex3/src/comparator.cpp:1]   --->   Operation 28 'read' 'b1_read' <Predicate = true> <Delay = 0.00>
ST_1 : Operation 29 [1/1] (0.00ns)   --->   "%b0_read = read i1 @_ssdm_op_Read.ap_none.i1, i1 %b0" [Ex3/src/comparator.cpp:1]   --->   Operation 29 'read' 'b0_read' <Predicate = true> <Delay = 0.00>
ST_1 : Operation 30 [1/1] (0.00ns)   --->   "%a3_read = read i1 @_ssdm_op_Read.ap_none.i1, i1 %a3" [Ex3/src/comparator.cpp:1]   --->   Operation 30 'read' 'a3_read' <Predicate = true> <Delay = 0.00>
ST_1 : Operation 31 [1/1] (0.00ns)   --->   "%a2_read = read i1 @_ssdm_op_Read.ap_none.i1, i1 %a2" [Ex3/src/comparator.cpp:1]   --->   Operation 31 'read' 'a2_read' <Predicate = true> <Delay = 0.00>
ST_1 : Operation 32 [1/1] (0.00ns)   --->   "%a1_read = read i1 @_ssdm_op_Read.ap_none.i1, i1 %a1" [Ex3/src/comparator.cpp:1]   --->   Operation 32 'read' 'a1_read' <Predicate = true> <Delay = 0.00>
ST_1 : Operation 33 [1/1] (0.00ns)   --->   "%a0_read = read i1 @_ssdm_op_Read.ap_none.i1, i1 %a0" [Ex3/src/comparator.cpp:1]   --->   Operation 33 'read' 'a0_read' <Predicate = true> <Delay = 0.00>
ST_1 : Operation 34 [1/1] (0.00ns) (grouped into LUT with out node or_ln27)   --->   "%xor_ln27 = xor i1 %a3_read, i1 %b3_read" [Ex3/src/comparator.cpp:27]   --->   Operation 34 'xor' 'xor_ln27' <Predicate = true> <Delay = 0.00> <CoreInst = "LogicGate">   --->   Core 74 'LogicGate' <Latency = 0> <II = 1> <Delay = 0.14> <FuncUnit> <Opcode : 'and' 'or' 'xor'> <InPorts = 2> <OutPorts = 1>
ST_1 : Operation 35 [1/1] (0.00ns) (grouped into LUT with out node or_ln27)   --->   "%xor_ln27_1 = xor i1 %a2_read, i1 %b2_read" [Ex3/src/comparator.cpp:27]   --->   Operation 35 'xor' 'xor_ln27_1' <Predicate = true> <Delay = 0.00> <CoreInst = "LogicGate">   --->   Core 74 'LogicGate' <Latency = 0> <II = 1> <Delay = 0.14> <FuncUnit> <Opcode : 'and' 'or' 'xor'> <InPorts = 2> <OutPorts = 1>
ST_1 : Operation 36 [1/1] (0.00ns) (grouped into LUT with out node or_ln27_2)   --->   "%xor_ln27_2 = xor i1 %a1_read, i1 %b1_read" [Ex3/src/comparator.cpp:27]   --->   Operation 36 'xor' 'xor_ln27_2' <Predicate = true> <Delay = 0.00> <CoreInst = "LogicGate">   --->   Core 74 'LogicGate' <Latency = 0> <II = 1> <Delay = 0.14> <FuncUnit> <Opcode : 'and' 'or' 'xor'> <InPorts = 2> <OutPorts = 1>
ST_1 : Operation 37 [1/1] (0.00ns) (grouped into LUT with out node or_ln27_2)   --->   "%xor_ln27_3 = xor i1 %a0_read, i1 %b0_read" [Ex3/src/comparator.cpp:27]   --->   Operation 37 'xor' 'xor_ln27_3' <Predicate = true> <Delay = 0.00> <CoreInst = "LogicGate">   --->   Core 74 'LogicGate' <Latency = 0> <II = 1> <Delay = 0.14> <FuncUnit> <Opcode : 'and' 'or' 'xor'> <InPorts = 2> <OutPorts = 1>
ST_1 : Operation 38 [1/1] (0.14ns) (out node of the LUT)   --->   "%or_ln27 = or i1 %xor_ln27, i1 %xor_ln27_1" [Ex3/src/comparator.cpp:27]   --->   Operation 38 'or' 'or_ln27' <Predicate = true> <Delay = 0.14> <CoreInst = "LogicGate">   --->   Core 74 'LogicGate' <Latency = 0> <II = 1> <Delay = 0.14> <FuncUnit> <Opcode : 'and' 'or' 'xor'> <InPorts = 2> <OutPorts = 1>
ST_1 : Operation 39 [1/1] (0.00ns) (grouped into LUT with out node or_ln27_2)   --->   "%or_ln27_1 = or i1 %xor_ln27_2, i1 %xor_ln27_3" [Ex3/src/comparator.cpp:27]   --->   Operation 39 'or' 'or_ln27_1' <Predicate = true> <Delay = 0.00> <CoreInst = "LogicGate">   --->   Core 74 'LogicGate' <Latency = 0> <II = 1> <Delay = 0.14> <FuncUnit> <Opcode : 'and' 'or' 'xor'> <InPorts = 2> <OutPorts = 1>
ST_1 : Operation 40 [1/1] (0.14ns) (out node of the LUT)   --->   "%or_ln27_2 = or i1 %or_ln27_1, i1 %or_ln27" [Ex3/src/comparator.cpp:27]   --->   Operation 40 'or' 'or_ln27_2' <Predicate = true> <Delay = 0.14> <CoreInst = "LogicGate">   --->   Core 74 'LogicGate' <Latency = 0> <II = 1> <Delay = 0.14> <FuncUnit> <Opcode : 'and' 'or' 'xor'> <InPorts = 2> <OutPorts = 1>
ST_1 : Operation 41 [1/1] (0.00ns)   --->   "%br_ln27 = br i1 %or_ln27_2, void %if.then, void %if.else" [Ex3/src/comparator.cpp:27]   --->   Operation 41 'br' 'br_ln27' <Predicate = true> <Delay = 0.00>
ST_1 : Operation 42 [1/1] (0.00ns)   --->   "%write_ln29 = write void @_ssdm_op_Write.ap_none.i1P0A, i1 %M, i1 1" [Ex3/src/comparator.cpp:29]   --->   Operation 42 'write' 'write_ln29' <Predicate = (!or_ln27_2)> <Delay = 0.00>
ST_1 : Operation 43 [1/1] (0.46ns)   --->   "%br_ln32 = br void %if.end29" [Ex3/src/comparator.cpp:32]   --->   Operation 43 'br' 'br_ln32' <Predicate = (!or_ln27_2)> <Delay = 0.46>
ST_1 : Operation 44 [1/1] (0.00ns) (grouped into LUT with out node or_ln33_2)   --->   "%xor_ln33 = xor i1 %b3_read, i1 1" [Ex3/src/comparator.cpp:33]   --->   Operation 44 'xor' 'xor_ln33' <Predicate = (or_ln27_2)> <Delay = 0.00> <CoreInst = "LogicGate">   --->   Core 74 'LogicGate' <Latency = 0> <II = 1> <Delay = 0.14> <FuncUnit> <Opcode : 'and' 'or' 'xor'> <InPorts = 2> <OutPorts = 1>
ST_1 : Operation 45 [1/1] (0.00ns) (grouped into LUT with out node or_ln33_2)   --->   "%and_ln33 = and i1 %a3_read, i1 %xor_ln33" [Ex3/src/comparator.cpp:33]   --->   Operation 45 'and' 'and_ln33' <Predicate = (or_ln27_2)> <Delay = 0.00> <CoreInst = "LogicGate">   --->   Core 74 'LogicGate' <Latency = 0> <II = 1> <Delay = 0.14> <FuncUnit> <Opcode : 'and' 'or' 'xor'> <InPorts = 2> <OutPorts = 1>
ST_1 : Operation 46 [1/1] (0.00ns) (grouped into LUT with out node or_ln33)   --->   "%xor_ln33_1 = xor i1 %b2_read, i1 1" [Ex3/src/comparator.cpp:33]   --->   Operation 46 'xor' 'xor_ln33_1' <Predicate = (or_ln27_2)> <Delay = 0.00> <CoreInst = "LogicGate">   --->   Core 74 'LogicGate' <Latency = 0> <II = 1> <Delay = 0.14> <FuncUnit> <Opcode : 'and' 'or' 'xor'> <InPorts = 2> <OutPorts = 1>
ST_1 : Operation 47 [1/1] (0.00ns) (grouped into LUT with out node or_ln33)   --->   "%and_ln33_1 = and i1 %a2_read, i1 %xor_ln33_1" [Ex3/src/comparator.cpp:33]   --->   Operation 47 'and' 'and_ln33_1' <Predicate = (or_ln27_2)> <Delay = 0.00> <CoreInst = "LogicGate">   --->   Core 74 'LogicGate' <Latency = 0> <II = 1> <Delay = 0.14> <FuncUnit> <Opcode : 'and' 'or' 'xor'> <InPorts = 2> <OutPorts = 1>
ST_1 : Operation 48 [1/1] (0.00ns) (grouped into LUT with out node or_ln33)   --->   "%xor_ln33_2 = xor i1 %b1_read, i1 1" [Ex3/src/comparator.cpp:33]   --->   Operation 48 'xor' 'xor_ln33_2' <Predicate = (or_ln27_2)> <Delay = 0.00> <CoreInst = "LogicGate">   --->   Core 74 'LogicGate' <Latency = 0> <II = 1> <Delay = 0.14> <FuncUnit> <Opcode : 'and' 'or' 'xor'> <InPorts = 2> <OutPorts = 1>
ST_1 : Operation 49 [1/1] (0.00ns) (grouped into LUT with out node or_ln33)   --->   "%and_ln33_2 = and i1 %a1_read, i1 %xor_ln33_2" [Ex3/src/comparator.cpp:33]   --->   Operation 49 'and' 'and_ln33_2' <Predicate = (or_ln27_2)> <Delay = 0.00> <CoreInst = "LogicGate">   --->   Core 74 'LogicGate' <Latency = 0> <II = 1> <Delay = 0.14> <FuncUnit> <Opcode : 'and' 'or' 'xor'> <InPorts = 2> <OutPorts = 1>
ST_1 : Operation 50 [1/1] (0.00ns) (grouped into LUT with out node or_ln33_2)   --->   "%xor_ln33_3 = xor i1 %b0_read, i1 1" [Ex3/src/comparator.cpp:33]   --->   Operation 50 'xor' 'xor_ln33_3' <Predicate = (or_ln27_2)> <Delay = 0.00> <CoreInst = "LogicGate">   --->   Core 74 'LogicGate' <Latency = 0> <II = 1> <Delay = 0.14> <FuncUnit> <Opcode : 'and' 'or' 'xor'> <InPorts = 2> <OutPorts = 1>
ST_1 : Operation 51 [1/1] (0.00ns) (grouped into LUT with out node or_ln33_2)   --->   "%and_ln33_3 = and i1 %a0_read, i1 %xor_ln33_3" [Ex3/src/comparator.cpp:33]   --->   Operation 51 'and' 'and_ln33_3' <Predicate = (or_ln27_2)> <Delay = 0.00> <CoreInst = "LogicGate">   --->   Core 74 'LogicGate' <Latency = 0> <II = 1> <Delay = 0.14> <FuncUnit> <Opcode : 'and' 'or' 'xor'> <InPorts = 2> <OutPorts = 1>
ST_1 : Operation 52 [1/1] (0.14ns) (out node of the LUT)   --->   "%or_ln33 = or i1 %and_ln33_1, i1 %and_ln33_2" [Ex3/src/comparator.cpp:33]   --->   Operation 52 'or' 'or_ln33' <Predicate = (or_ln27_2)> <Delay = 0.14> <CoreInst = "LogicGate">   --->   Core 74 'LogicGate' <Latency = 0> <II = 1> <Delay = 0.14> <FuncUnit> <Opcode : 'and' 'or' 'xor'> <InPorts = 2> <OutPorts = 1>
ST_1 : Operation 53 [1/1] (0.00ns) (grouped into LUT with out node or_ln33_2)   --->   "%or_ln33_1 = or i1 %and_ln33, i1 %and_ln33_3" [Ex3/src/comparator.cpp:33]   --->   Operation 53 'or' 'or_ln33_1' <Predicate = (or_ln27_2)> <Delay = 0.00> <CoreInst = "LogicGate">   --->   Core 74 'LogicGate' <Latency = 0> <II = 1> <Delay = 0.14> <FuncUnit> <Opcode : 'and' 'or' 'xor'> <InPorts = 2> <OutPorts = 1>
ST_1 : Operation 54 [1/1] (0.14ns) (out node of the LUT)   --->   "%or_ln33_2 = or i1 %or_ln33_1, i1 %or_ln33" [Ex3/src/comparator.cpp:33]   --->   Operation 54 'or' 'or_ln33_2' <Predicate = (or_ln27_2)> <Delay = 0.14> <CoreInst = "LogicGate">   --->   Core 74 'LogicGate' <Latency = 0> <II = 1> <Delay = 0.14> <FuncUnit> <Opcode : 'and' 'or' 'xor'> <InPorts = 2> <OutPorts = 1>
ST_1 : Operation 55 [1/1] (0.00ns)   --->   "%write_ln35 = write void @_ssdm_op_Write.ap_none.i1P0A, i1 %M, i1 0" [Ex3/src/comparator.cpp:35]   --->   Operation 55 'write' 'write_ln35' <Predicate = (or_ln27_2)> <Delay = 0.00>
ST_1 : Operation 56 [1/1] (0.14ns)   --->   "%xor_ln33_4 = xor i1 %or_ln33_2, i1 1" [Ex3/src/comparator.cpp:33]   --->   Operation 56 'xor' 'xor_ln33_4' <Predicate = (or_ln27_2)> <Delay = 0.14> <CoreInst = "LogicGate">   --->   Core 74 'LogicGate' <Latency = 0> <II = 1> <Delay = 0.14> <FuncUnit> <Opcode : 'and' 'or' 'xor'> <InPorts = 2> <OutPorts = 1>
ST_1 : Operation 57 [1/1] (0.46ns)   --->   "%br_ln33 = br void %if.end29" [Ex3/src/comparator.cpp:33]   --->   Operation 57 'br' 'br_ln33' <Predicate = (or_ln27_2)> <Delay = 0.46>
ST_1 : Operation 58 [1/1] (0.00ns)   --->   "%storemerge3 = phi i1 0, void %if.then, i1 %or_ln33_2, void %if.else" [Ex3/src/comparator.cpp:33]   --->   Operation 58 'phi' 'storemerge3' <Predicate = true> <Delay = 0.00>
ST_1 : Operation 59 [1/1] (0.00ns)   --->   "%storemerge1 = phi i1 0, void %if.then, i1 %xor_ln33_4, void %if.else" [Ex3/src/comparator.cpp:33]   --->   Operation 59 'phi' 'storemerge1' <Predicate = true> <Delay = 0.00>
ST_1 : Operation 60 [1/1] (0.00ns)   --->   "%write_ln30 = write void @_ssdm_op_Write.ap_none.i1P0A, i1 %N, i1 %storemerge3" [Ex3/src/comparator.cpp:30]   --->   Operation 60 'write' 'write_ln30' <Predicate = true> <Delay = 0.00>
ST_1 : Operation 61 [1/1] (0.00ns)   --->   "%write_ln43 = write void @_ssdm_op_Write.ap_none.i1P0A, i1 %P, i1 %storemerge1" [Ex3/src/comparator.cpp:43]   --->   Operation 61 'write' 'write_ln43' <Predicate = true> <Delay = 0.00>
ST_1 : Operation 62 [1/1] (0.00ns)   --->   "%ret_ln45 = ret" [Ex3/src/comparator.cpp:45]   --->   Operation 62 'ret' 'ret_ln45' <Predicate = true> <Delay = 0.00>


============================================================
+ Verbose Summary: Timing violations
============================================================
Target clock period: 10.000ns, clock uncertainty: 2.700ns.

 <State 1>: 0.904ns
The critical path consists of the following:
	wire read operation ('b2', Ex3/src/comparator.cpp:1) on port 'b2' (Ex3/src/comparator.cpp:1) [37]  (0.000 ns)
	'xor' operation 1 bit ('xor_ln33_1', Ex3/src/comparator.cpp:33) [58]  (0.000 ns)
	'and' operation 1 bit ('and_ln33_1', Ex3/src/comparator.cpp:33) [59]  (0.000 ns)
	'or' operation 1 bit ('or_ln33', Ex3/src/comparator.cpp:33) [64]  (0.148 ns)
	'or' operation 1 bit ('or_ln33_2', Ex3/src/comparator.cpp:33) [66]  (0.148 ns)
	'xor' operation 1 bit ('xor_ln33_4', Ex3/src/comparator.cpp:33) [68]  (0.148 ns)
	multiplexor before 'phi' operation 1 bit ('storemerge3', Ex3/src/comparator.cpp:33) with incoming values : ('or_ln33_2', Ex3/src/comparator.cpp:33) [71]  (0.460 ns)
	'phi' operation 1 bit ('storemerge3', Ex3/src/comparator.cpp:33) with incoming values : ('or_ln33_2', Ex3/src/comparator.cpp:33) [71]  (0.000 ns)


============================================================
+ Verbose Summary: Binding
============================================================
N/A
* FSMD analyzer results:
  - Output states:
 - Input state : 
  - Chain level:
	State 1


============================================================
+ Verbose Summary: Datapath Resource usage 
============================================================
N/A
