

================================================================
== Vitis HLS Report for 'comprator'
================================================================
* Date:           Wed Jul 24 23:14:07 2024

* Version:        2023.2 (Build 4023990 on Oct 11 2023)
* Project:        Ex3
* Solution:       solution1 (Vivado IP Flow Target)
* Product family: virtexuplus
* Target device:  xcvu11p-flga2577-1-e


================================================================
== Performance Estimates
================================================================
+ Timing: 
    * Summary: 
    +--------+----------+----------+------------+
    |  Clock |  Target  | Estimated| Uncertainty|
    +--------+----------+----------+------------+
    |ap_clk  |  10.00 ns|  0.904 ns|     2.70 ns|
    +--------+----------+----------+------------+

+ Latency: 
    * Summary: 
    +---------+---------+----------+----------+-----+-----+---------+
    |  Latency (cycles) |  Latency (absolute) |  Interval | Pipeline|
    |   min   |   max   |    min   |    max   | min | max |   Type  |
    +---------+---------+----------+----------+-----+-----+---------+
    |        0|        0|      0 ns|      0 ns|    1|    1|       no|
    +---------+---------+----------+----------+-----+-----+---------+

    + Detail: 
        * Instance: 
        N/A

        * Loop: 
        N/A



================================================================
== Utilization Estimates
================================================================
* Summary: 
+---------------------+---------+------+---------+---------+-----+
|         Name        | BRAM_18K|  DSP |    FF   |   LUT   | URAM|
+---------------------+---------+------+---------+---------+-----+
|DSP                  |        -|     -|        -|        -|    -|
|Expression           |        -|     -|        0|       38|    -|
|FIFO                 |        -|     -|        -|        -|    -|
|Instance             |        -|     -|        -|        -|    -|
|Memory               |        -|     -|        -|        -|    -|
|Multiplexer          |        -|     -|        -|       42|    -|
|Register             |        -|     -|        -|        -|    -|
+---------------------+---------+------+---------+---------+-----+
|Total                |        0|     0|        0|       80|    0|
+---------------------+---------+------+---------+---------+-----+
|Available SLR        |     1344|  3072|   864000|   432000|  320|
+---------------------+---------+------+---------+---------+-----+
|Utilization SLR (%)  |        0|     0|        0|       ~0|    0|
+---------------------+---------+------+---------+---------+-----+
|Available            |     4032|  9216|  2592000|  1296000|  960|
+---------------------+---------+------+---------+---------+-----+
|Utilization (%)      |        0|     0|        0|       ~0|    0|
+---------------------+---------+------+---------+---------+-----+

+ Detail: 
    * Instance: 
    N/A

    * DSP: 
    N/A

    * Memory: 
    N/A

    * FIFO: 
    N/A

    * Expression: 
    +----------------------+----------+----+---+----+------------+------------+
    |     Variable Name    | Operation| DSP| FF| LUT| Bitwidth P0| Bitwidth P1|
    +----------------------+----------+----+---+----+------------+------------+
    |and_ln33_1_fu_201_p2  |       and|   0|  0|   2|           1|           1|
    |and_ln33_2_fu_213_p2  |       and|   0|  0|   2|           1|           1|
    |and_ln33_3_fu_225_p2  |       and|   0|  0|   2|           1|           1|
    |and_ln33_fu_189_p2    |       and|   0|  0|   2|           1|           1|
    |or_ln27_1_fu_171_p2   |        or|   0|  0|   2|           1|           1|
    |or_ln27_2_fu_177_p2   |        or|   0|  0|   2|           1|           1|
    |or_ln27_fu_165_p2     |        or|   0|  0|   2|           1|           1|
    |or_ln33_1_fu_237_p2   |        or|   0|  0|   2|           1|           1|
    |or_ln33_2_fu_243_p2   |        or|   0|  0|   2|           1|           1|
    |or_ln33_fu_231_p2     |        or|   0|  0|   2|           1|           1|
    |xor_ln27_1_fu_147_p2  |       xor|   0|  0|   2|           1|           1|
    |xor_ln27_2_fu_153_p2  |       xor|   0|  0|   2|           1|           1|
    |xor_ln27_3_fu_159_p2  |       xor|   0|  0|   2|           1|           1|
    |xor_ln27_fu_141_p2    |       xor|   0|  0|   2|           1|           1|
    |xor_ln33_1_fu_195_p2  |       xor|   0|  0|   2|           1|           2|
    |xor_ln33_2_fu_207_p2  |       xor|   0|  0|   2|           1|           2|
    |xor_ln33_3_fu_219_p2  |       xor|   0|  0|   2|           1|           2|
    |xor_ln33_4_fu_250_p2  |       xor|   0|  0|   2|           1|           2|
    |xor_ln33_fu_183_p2    |       xor|   0|  0|   2|           1|           2|
    +----------------------+----------+----+---+----+------------+------------+
    |Total                 |          |   0|  0|  38|          19|          24|
    +----------------------+----------+----+---+----+------------+------------+

    * Multiplexer: 
    +--------------------------------------+----+-----------+-----+-----------+
    |                 Name                 | LUT| Input Size| Bits| Total Bits|
    +--------------------------------------+----+-----------+-----+-----------+
    |M                                     |  14|          3|    1|          3|
    |ap_phi_mux_storemerge1_phi_fu_133_p4  |  14|          3|    1|          3|
    |ap_phi_mux_storemerge3_phi_fu_122_p4  |  14|          3|    1|          3|
    +--------------------------------------+----+-----------+-----+-----------+
    |Total                                 |  42|          9|    3|          9|
    +--------------------------------------+----+-----------+-----+-----------+

    * Register: 
    N/A



================================================================
== Interface
================================================================
* Summary: 
+----------+-----+-----+---------+--------------+---------+
| RTL Ports| Dir | Bits| Protocol| Source Object|  C Type |
+----------+-----+-----+---------+--------------+---------+
|a0        |   in|    1|  ap_none|            a0|   scalar|
|a1        |   in|    1|  ap_none|            a1|   scalar|
|a2        |   in|    1|  ap_none|            a2|   scalar|
|a3        |   in|    1|  ap_none|            a3|   scalar|
|b0        |   in|    1|  ap_none|            b0|   scalar|
|b1        |   in|    1|  ap_none|            b1|   scalar|
|b2        |   in|    1|  ap_none|            b2|   scalar|
|b3        |   in|    1|  ap_none|            b3|   scalar|
|M         |  out|    1|  ap_none|             M|  pointer|
|N         |  out|    1|  ap_none|             N|  pointer|
|P         |  out|    1|  ap_none|             P|  pointer|
+----------+-----+-----+---------+--------------+---------+

