

================================================================
== Synthesis Summary Report of 'btn_led'
================================================================
+ General Information: 
    * Date:           Sat Jun 29 21:26:24 2024
    * Version:        2023.2 (Build 4023990 on Oct 11 2023)
    * Project:        1-Btn_Led
    * Solution:       solution1 (Vivado IP Flow Target)
    * Product family: virtexuplus
    * Target device:  xcvu11p-flga2577-1-e
    

+ Performance & Resource Estimates: 
    
    PS: '+' for module; 'o' for loop; '*' for dataflow
    +-----------+------+------+---------+--------+----------+---------+------+----------+------+----+---+----+-----+
    |  Modules  | Issue|      | Latency | Latency| Iteration|         | Trip |          |      |    |   |    |     |
    |  & Loops  | Type | Slack| (cycles)|  (ns)  |  Latency | Interval| Count| Pipelined| BRAM | DSP| FF| LUT| URAM|
    +-----------+------+------+---------+--------+----------+---------+------+----------+------+----+---+----+-----+
    |+ btn_led  |     -|  7.30|        0|   0.000|         -|        1|     -|        no|     -|   -|  -|   -|    -|
    +-----------+------+------+---------+--------+----------+---------+------+----------+------+----+---+----+-----+


================================================================
== HW Interfaces
================================================================
* Other Ports
+-----------+---------+-----------+----------+
| Port      | Mode    | Direction | Bitwidth |
+-----------+---------+-----------+----------+
| ap_return |         | out       | 8        |
| btn       | ap_none | in        | 8        |
+-----------+---------+-----------+----------+


================================================================
== SW I/O Information
================================================================
* Top Function Arguments
+----------+-----------+---------------+
| Argument | Direction | Datatype      |
+----------+-----------+---------------+
| btn      | in        | unsigned char |
| return   | out       | unsigned char |
+----------+-----------+---------------+

* SW-to-HW Mapping
+----------+--------------+---------+
| Argument | HW Interface | HW Type |
+----------+--------------+---------+
| btn      | btn          | port    |
| return   | ap_return    | port    |
+----------+--------------+---------+


================================================================
== Bind Op Report
================================================================
  No bind op info in design

================================================================
== Storage Report
================================================================
  No bind storage info in design

================================================================
== Pragma Report
================================================================
* Ignored Pragmas
+-----------+------------------------+--------------------------------------------+----------------------------------------------------+
| Type      | Options                | Location                                   | Messages                                           |
+-----------+------------------------+--------------------------------------------+----------------------------------------------------+
| interface | mode=ap_none port=btn; | 1-Btn_Led/src/main.cpp:46 in btn_led, btn; | unexpected pragma argument ';', expects identifier |
+-----------+------------------------+--------------------------------------------+----------------------------------------------------+

* Valid Pragma Syntax
+-----------+-------------------------------+----------------------------------------------+
| Type      | Options                       | Location                                     |
+-----------+-------------------------------+----------------------------------------------+
| interface | mode=ap_ctrl_none port=return | 1-Btn_Led/src/main.cpp:47 in btn_led, return |
+-----------+-------------------------------+----------------------------------------------+


