

================================================================
== Synthesis Summary Report of 'sw_led_control'
================================================================
+ General Information: 
    * Date:           Mon Jul 22 23:03:24 2024
    * Version:        2023.2 (Build 4023990 on Oct 11 2023)
    * Project:        Ex3
    * Solution:       solution1 (Vivado IP Flow Target)
    * Product family: virtexuplus
    * Target device:  xcvu11p-flga2577-1-e
    

+ Performance & Resource Estimates: 
    
    PS: '+' for module; 'o' for loop; '*' for dataflow
    +------------------+------+------+---------+--------+----------+---------+------+----------+------+----+---+----+-----+
    |      Modules     | Issue|      | Latency | Latency| Iteration|         | Trip |          |      |    |   |    |     |
    |      & Loops     | Type | Slack| (cycles)|  (ns)  |  Latency | Interval| Count| Pipelined| BRAM | DSP| FF| LUT| URAM|
    +------------------+------+------+---------+--------+----------+---------+------+----------+------+----+---+----+-----+
    |+ sw_led_control  |     -|  7.30|        0|   0.000|         -|        1|     -|        no|     -|   -|  -|   -|    -|
    +------------------+------+------+---------+--------+----------+---------+------+----------+------+----+---+----+-----+


================================================================
== HW Interfaces
================================================================
* Other Ports
+------------+---------+-----------+----------+
| Port       | Mode    | Direction | Bitwidth |
+------------+---------+-----------+----------+
| lower_leds | ap_none | out       | 8        |
| lower_sws  | ap_none | in        | 8        |
| upper_leds | ap_none | out       | 8        |
| upper_sws  | ap_none | in        | 8        |
+------------+---------+-----------+----------+


================================================================
== SW I/O Information
================================================================
* Top Function Arguments
+------------+-----------+----------+
| Argument   | Direction | Datatype |
+------------+-----------+----------+
| lower_leds | out       | char&    |
| upper_leds | out       | char&    |
| lower_sws  | in        | char     |
| upper_sws  | in        | char     |
+------------+-----------+----------+

* SW-to-HW Mapping
+------------+--------------+---------+
| Argument   | HW Interface | HW Type |
+------------+--------------+---------+
| lower_leds | lower_leds   | port    |
| upper_leds | upper_leds   | port    |
| lower_sws  | lower_sws    | port    |
| upper_sws  | upper_sws    | port    |
+------------+--------------+---------+


================================================================
== Bind Op Report
================================================================
  No bind op info in design

================================================================
== Storage Report
================================================================
  No bind storage info in design

================================================================
== Pragma Report
================================================================
* Valid Pragma Syntax
+-----------+-------------------------------+-------------------------------------------------------------+
| Type      | Options                       | Location                                                    |
+-----------+-------------------------------+-------------------------------------------------------------+
| interface | mode=ap_ctrl_none port=return | Ex3/src/sw_led_control.cpp:7 in sw_led_control, return      |
| interface | mode=ap_none port=lower_leds  | Ex3/src/sw_led_control.cpp:8 in sw_led_control, lower_leds  |
| interface | mode=ap_none port=upper_leds  | Ex3/src/sw_led_control.cpp:9 in sw_led_control, upper_leds  |
| interface | mode=ap_none port=lower_leds  | Ex3/src/sw_led_control.cpp:10 in sw_led_control, lower_leds |
| interface | mode=ap_none port=lower_sws   | Ex3/src/sw_led_control.cpp:11 in sw_led_control, lower_sws  |
+-----------+-------------------------------+-------------------------------------------------------------+


